// Jest Snapshot v1, https://goo.gl/fbAQLP

exports[`Logo snapshot not change 1`] = `
.c0 {
  font-size: 1.6rem;
  margin-bottom: 2rem;
}

<h1
  class="c0"
>
  Borja Gracia Mart√≠n
</h1>
`;
