// Jest Snapshot v1, https://goo.gl/fbAQLP

exports[`Footer snapshot not change 1`] = `
.c0 {
  -webkit-align-items: center;
  -webkit-box-align: center;
  -ms-flex-align: center;
  align-items: center;
  border-top: 1px solid #e8e8e8;
  display: -webkit-box;
  display: -webkit-flex;
  display: -ms-flexbox;
  display: flex;
  -webkit-flex-direction: column;
  -ms-flex-direction: column;
  flex-direction: column;
  -webkit-box-pack: justify;
  -webkit-justify-content: space-between;
  -ms-flex-pack: justify;
  justify-content: space-between;
  margin: 60px auto 0;
  padding: 20px 0;
  width: 100%;
  font-size: .8rem;
}

<footer
  class="c0"
>
  Diseñado y maquetado por Borja Gracia Martín
  <a
    href="https://github.com/Volcanos/portfolio"
    target="_blank"
  >
    GitHub
  </a>
</footer>
`;
